.\gradlew : 
At line:1 char:1
+ .\gradlew :app:assembleDebug > 
build_output.txt 2>&1
+ ~~~~~~~~~~~~~~~~~~~~~~~~~~~~~~~~~~~~~~~~~~~~
~~~~~~~~
    + CategoryInfo          : NotSpecified: ( 
   :String) [], RemoteException
    + FullyQualifiedErrorId : NativeCommandEr 
   ror
 
FAILURE: Build failed with an exception.

* Where:
Build file 'C:\Users\guyya\OneDrive\Documents\
mobile\Tic-Tac-Toe---Assignment-1\app\build.gr
adle.kts' line: 1

* What went wrong:
An exception occurred applying plugin request 
[id: 'com.android.application']
> Failed to apply plugin 
'com.android.internal.application'.
   > Android Gradle plugin requires Java 17 
to run. You are currently using Java 11.
      Your current JDK is located in 
C:\Program 
Files\OpenLogic\jre-11.0.22.7-hotspot
      You can try some of the following 
options:
       - changing the IDE settings.
       - changing the JAVA_HOME environment 
variable.
       - changing `org.gradle.java.home` in 
`gradle.properties`.

* Try:
> Run with --stacktrace option to get the 
stack trace.
> Run with --info or --debug option to get 
more log output.
> Run with --scan to get full insights.
> Get more help at https://help.gradle.org.

BUILD FAILED in 1s
